[debug] [2026-03-17T09:19:54.310Z] [Firebase Plugin] Activating Firebase extension.
[debug] [2026-03-17T09:20:05.391Z] [Firebase Plugin] requireAuthWrapper
[debug] [2026-03-17T09:20:05.398Z] > command requires scopes: ["email","openid","https://www.googleapis.com/auth/cloudplatformprojects.readonly","https://www.googleapis.com/auth/firebase","https://www.googleapis.com/auth/cloud-platform"]
[debug] [2026-03-17T09:20:05.399Z] > authorizing via signed-in user (tarunchaudhary.dev@gmail.com)
[debug] [2026-03-17T09:20:05.407Z] Checked if tokens are valid: false, expires at: 1773593249078
[debug] [2026-03-17T09:20:05.407Z] Checked if tokens are valid: false, expires at: 1773593249078
[debug] [2026-03-17T09:20:05.408Z] > refreshing access token with scopes: []
[debug] [2026-03-17T09:20:05.412Z] >>> [apiv2][query] POST https://www.googleapis.com/oauth2/v3/token [none]
[debug] [2026-03-17T09:20:05.415Z] >>> [apiv2][body] POST https://www.googleapis.com/oauth2/v3/token [omitted]
[debug] [2026-03-17T09:20:05.436Z] [Firebase Plugin] VSCode notification server listening on port 40001
[info] [Firebase Plugin] Starting Data Connect toolkit (version 3.2.1) on port 50001
[info] i  dataconnect: downloading dataconnect-emulator-3.2.1.exe... {"metadata":{"emulator":{"name":"dataconnect"},"message":"downloading dataconnect-emulator-3.2.1.exe..."}}
[debug] [2026-03-17T09:20:07.767Z] >>> [apiv2][query] GET https://storage.googleapis.com/firemat-preview-drop/emulator/dataconnect-emulator-windows-amd64-v3.2.1 
[debug] [2026-03-17T09:20:22.337Z] *** [apiv2] error from fetch(https://storage.googleapis.com/firemat-preview-drop/emulator/dataconnect-emulator-windows-amd64-v3.2.1, {"headers":{},"method":"GET"}): FetchError: request to https://storage.googleapis.com/firemat-preview-drop/emulator/dataconnect-emulator-windows-amd64-v3.2.1 failed, reason: socket hang up
[debug] [2026-03-17T09:20:22.338Z] 'fdc build' failed with error: Failed to make request to https://storage.googleapis.com/firemat-preview-drop/emulator/dataconnect-emulator-windows-amd64-v3.2.1 {"metadata":{"emulator":{"name":"dataconnect"},"message":"'fdc build' failed with error: Failed to make request to https://storage.googleapis.com/firemat-preview-drop/emulator/dataconnect-emulator-windows-amd64-v3.2.1"}}
[warn] !  Setup required, please run: firebase setup:emulators:dataconnect 
[debug] [2026-03-17T09:20:22.826Z] <<< [apiv2][status] POST https://www.googleapis.com/oauth2/v3/token 200
[debug] [2026-03-17T09:20:22.827Z] <<< [apiv2][body] POST https://www.googleapis.com/oauth2/v3/token [omitted]
[debug] [2026-03-17T09:20:22.875Z] [Firebase Plugin] User found:  tarunchaudhary.dev@gmail.com
[info] [Firebase Plugin] (Core:Project) New user detected, fetching projects
[debug] [2026-03-17T09:20:22.879Z] Checked if tokens are valid: true, expires at: 1773742821827
[debug] [2026-03-17T09:20:22.881Z] >>> [apiv2][query] GET https://firebase.googleapis.com/v1beta1/projects pageSize=1000
[debug] [2026-03-17T09:20:27.936Z] <<< [apiv2][status] GET https://firebase.googleapis.com/v1beta1/projects 200
[debug] [2026-03-17T09:20:27.937Z] <<< [apiv2][body] GET https://firebase.googleapis.com/v1beta1/projects [omitted]
[debug] [2026-03-21T14:43:13.809Z] [Firebase Plugin] Activating Firebase extension.
[debug] [2026-03-21T14:43:49.824Z] [Firebase Plugin] requireAuthWrapper
[debug] [2026-03-21T14:43:49.833Z] > command requires scopes: ["email","openid","https://www.googleapis.com/auth/cloudplatformprojects.readonly","https://www.googleapis.com/auth/firebase","https://www.googleapis.com/auth/cloud-platform"]
[debug] [2026-03-21T14:43:49.835Z] > authorizing via signed-in user (tarunchaudhary.dev@gmail.com)
[debug] [2026-03-21T14:43:49.847Z] Checked if tokens are valid: true, expires at: 1774107226882
[debug] [2026-03-21T14:43:49.849Z] Checked if tokens are valid: true, expires at: 1774107226882
[debug] [2026-03-21T14:43:49.850Z] [Firebase Plugin] User found:  tarunchaudhary.dev@gmail.com
[info] [Firebase Plugin] (Core:Project) New user detected, fetching projects
[debug] [2026-03-21T14:43:49.856Z] Checked if tokens are valid: true, expires at: 1774107226882
[debug] [2026-03-21T14:43:49.861Z] >>> [apiv2][query] GET https://firebase.googleapis.com/v1beta1/projects pageSize=1000
[info] [Firebase Plugin] Starting Data Connect toolkit (version 3.2.1) on port 50001
[debug] [2026-03-21T14:43:52.390Z] 'fdc build' failed with error: Unable to build your Data Connect schema and connectors (exit code 1): E0321 20:13:52.377388   29540 cmd.go:43] Error loading data connect config: could not find dataconnect.yaml in `d:\society\dataconnect`
 {"metadata":{"emulator":{"name":"dataconnect"},"message":"'fdc build' failed with error: Unable to build your Data Connect schema and connectors (exit code 1): E0321 20:13:52.377388   29540 cmd.go:43] Error loading data connect config: could not find dataconnect.yaml in `d:\\society\\dataconnect`\n"}}
[debug] [2026-03-21T14:43:52.393Z] Ignoring unsupported arg: auto_download {"metadata":{"emulator":{"name":"dataconnect"},"message":"Ignoring unsupported arg: auto_download"}}
[debug] [2026-03-21T14:43:52.394Z] Ignoring unsupported arg: port {"metadata":{"emulator":{"name":"dataconnect"},"message":"Ignoring unsupported arg: port"}}
[debug] [2026-03-21T14:43:52.395Z] Starting Data Connect Emulator with command {"binary":"C:\\Users\\tarun\\.cache\\firebase\\emulators\\dataconnect-emulator-3.2.1.exe","args":["--logtostderr","-v=2","dev","--listen=localhost:50001","--config_dir=d:\\society\\dataconnect","--enable_output_schema_extensions=true","--enable_output_generated_sdk=true"],"optionalArgs":["listen","config_dir","enable_output_schema_extensions","enable_output_generated_sdk"],"joinArgs":true,"shell":false,"port":9399} {"metadata":{"emulator":{"name":"dataconnect"},"message":"Starting Data Connect Emulator with command {\"binary\":\"C:\\\\Users\\\\tarun\\\\.cache\\\\firebase\\\\emulators\\\\dataconnect-emulator-3.2.1.exe\",\"args\":[\"--logtostderr\",\"-v=2\",\"dev\",\"--listen=localhost:50001\",\"--config_dir=d:\\\\society\\\\dataconnect\",\"--enable_output_schema_extensions=true\",\"--enable_output_generated_sdk=true\"],\"optionalArgs\":[\"listen\",\"config_dir\",\"enable_output_schema_extensions\",\"enable_output_generated_sdk\"],\"joinArgs\":true,\"shell\":false,\"port\":9399}"}}
[info] i  dataconnect: Data Connect Emulator logging to dataconnect-debug.log {"metadata":{"emulator":{"name":"dataconnect"},"message":"Data Connect Emulator logging to \u001b[1mdataconnect-debug.log\u001b[22m"}}
[debug] [2026-03-21T14:43:52.562Z] E0321 20:13:52.510053   15032 dev.go:83] Failed to load initial config from "d:\\society\\dataconnect": could not find dataconnect.yaml in `d:\society\dataconnect`
E0321 20:13:52.510053   15032 watch.go:116] watchAllDir unable to walk dir `d:\society\dataconnect`: CreateFile d:\society\dataconnect: The system cannot find the file specified.
 {"metadata":{"emulator":{"name":"dataconnect"},"message":"E0321 20:13:52.510053   15032 dev.go:83] Failed to load initial config from \"d:\\\\society\\\\dataconnect\": could not find dataconnect.yaml in `d:\\society\\dataconnect`\nE0321 20:13:52.510053   15032 watch.go:116] watchAllDir unable to walk dir `d:\\society\\dataconnect`: CreateFile d:\\society\\dataconnect: The system cannot find the file specified.\n"}}
[debug] [2026-03-21T14:43:53.344Z] I0321 20:13:52.635948   15032 dev.go:104] Listening on address (HTTP + gRPC): 127.0.0.1:50001
 {"metadata":{"emulator":{"name":"dataconnect"},"message":"I0321 20:13:52.635948   15032 dev.go:104] Listening on address (HTTP + gRPC): 127.0.0.1:50001\n"}}
[error] [Firebase Plugin] error:  {}
[debug] [2026-03-21T14:43:54.327Z] <<< [apiv2][status] GET https://firebase.googleapis.com/v1beta1/projects 200
[debug] [2026-03-21T14:43:54.328Z] <<< [apiv2][body] GET https://firebase.googleapis.com/v1beta1/projects [omitted]
[debug] [2026-03-21T14:44:25.346Z] E0321 20:14:02.514231   15032 watch.go:40] Failed to load config from "d:\\society\\dataconnect": could not find dataconnect.yaml in `d:\society\dataconnect`
E0321 20:14:12.512837   15032 watch.go:40] Failed to load config from "d:\\society\\dataconnect": could not find dataconnect.yaml in `d:\society\dataconnect`
E0321 20:14:22.511207   15032 watch.go:40] Failed to load config from "d:\\society\\dataconnect": could not find dataconnect.yaml in `d:\society\dataconnect`
 {"metadata":{"emulator":{"name":"dataconnect"},"message":"E0321 20:14:02.514231   15032 watch.go:40] Failed to load config from \"d:\\\\society\\\\dataconnect\": could not find dataconnect.yaml in `d:\\society\\dataconnect`\nE0321 20:14:12.512837   15032 watch.go:40] Failed to load config from \"d:\\\\society\\\\dataconnect\": could not find dataconnect.yaml in `d:\\society\\dataconnect`\nE0321 20:14:22.511207   15032 watch.go:40] Failed to load config from \"d:\\\\society\\\\dataconnect\": could not find dataconnect.yaml in `d:\\society\\dataconnect`\n"}}
[debug] [2026-03-21T14:44:32.510Z] E0321 20:14:32.512115   15032 watch.go:40] Failed to load config from "d:\\society\\dataconnect": could not find dataconnect.yaml in `d:\society\dataconnect`
 {"metadata":{"emulator":{"name":"dataconnect"},"message":"E0321 20:14:32.512115   15032 watch.go:40] Failed to load config from \"d:\\\\society\\\\dataconnect\": could not find dataconnect.yaml in `d:\\society\\dataconnect`\n"}}
[debug] [2026-03-21T14:44:42.511Z] E0321 20:14:42.512170   15032 watch.go:40] Failed to load config from "d:\\society\\dataconnect": could not find dataconnect.yaml in `d:\society\dataconnect`
 {"metadata":{"emulator":{"name":"dataconnect"},"message":"E0321 20:14:42.512170   15032 watch.go:40] Failed to load config from \"d:\\\\society\\\\dataconnect\": could not find dataconnect.yaml in `d:\\society\\dataconnect`\n"}}
[debug] [2026-03-21T14:44:52.510Z] E0321 20:14:52.511303   15032 watch.go:116] watchAllDir unable to walk dir `d:\society\dataconnect`: CreateFile d:\society\dataconnect: The system cannot find the file specified.
 {"metadata":{"emulator":{"name":"dataconnect"},"message":"E0321 20:14:52.511303   15032 watch.go:116] watchAllDir unable to walk dir `d:\\society\\dataconnect`: CreateFile d:\\society\\dataconnect: The system cannot find the file specified.\n"}}
[debug] [2026-03-21T14:44:52.512Z] E0321 20:14:52.512021   15032 watch.go:40] Failed to load config from "d:\\society\\dataconnect": could not find dataconnect.yaml in `d:\society\dataconnect`
 {"metadata":{"emulator":{"name":"dataconnect"},"message":"E0321 20:14:52.512021   15032 watch.go:40] Failed to load config from \"d:\\\\society\\\\dataconnect\": could not find dataconnect.yaml in `d:\\society\\dataconnect`\n"}}
[debug] [2026-03-21T14:45:02.510Z] E0321 20:15:02.512319   15032 watch.go:40] Failed to load config from "d:\\society\\dataconnect": could not find dataconnect.yaml in `d:\society\dataconnect`
 {"metadata":{"emulator":{"name":"dataconnect"},"message":"E0321 20:15:02.512319   15032 watch.go:40] Failed to load config from \"d:\\\\society\\\\dataconnect\": could not find dataconnect.yaml in `d:\\society\\dataconnect`\n"}}
[debug] [2026-03-21T14:45:12.510Z] E0321 20:15:12.511655   15032 watch.go:40] Failed to load config from "d:\\society\\dataconnect": could not find dataconnect.yaml in `d:\society\dataconnect`
 {"metadata":{"emulator":{"name":"dataconnect"},"message":"E0321 20:15:12.511655   15032 watch.go:40] Failed to load config from \"d:\\\\society\\\\dataconnect\": could not find dataconnect.yaml in `d:\\society\\dataconnect`\n"}}
[debug] [2026-03-21T14:45:22.510Z] E0321 20:15:22.511111   15032 watch.go:40] Failed to load config from "d:\\society\\dataconnect": could not find dataconnect.yaml in `d:\society\dataconnect`
 {"metadata":{"emulator":{"name":"dataconnect"},"message":"E0321 20:15:22.511111   15032 watch.go:40] Failed to load config from \"d:\\\\society\\\\dataconnect\": could not find dataconnect.yaml in `d:\\society\\dataconnect`\n"}}
[debug] [2026-03-21T14:45:32.512Z] E0321 20:15:32.511844   15032 watch.go:40] Failed to load config from "d:\\society\\dataconnect": could not find dataconnect.yaml in `d:\society\dataconnect`
 {"metadata":{"emulator":{"name":"dataconnect"},"message":"E0321 20:15:32.511844   15032 watch.go:40] Failed to load config from \"d:\\\\society\\\\dataconnect\": could not find dataconnect.yaml in `d:\\society\\dataconnect`\n"}}
[debug] [2026-03-21T14:45:42.513Z] E0321 20:15:42.512347   15032 watch.go:40] Failed to load config from "d:\\society\\dataconnect": could not find dataconnect.yaml in `d:\society\dataconnect`
 {"metadata":{"emulator":{"name":"dataconnect"},"message":"E0321 20:15:42.512347   15032 watch.go:40] Failed to load config from \"d:\\\\society\\\\dataconnect\": could not find dataconnect.yaml in `d:\\society\\dataconnect`\n"}}
[debug] [2026-03-21T14:45:52.512Z] E0321 20:15:52.511905   15032 watch.go:116] watchAllDir unable to walk dir `d:\society\dataconnect`: CreateFile d:\society\dataconnect: The system cannot find the file specified.
 {"metadata":{"emulator":{"name":"dataconnect"},"message":"E0321 20:15:52.511905   15032 watch.go:116] watchAllDir unable to walk dir `d:\\society\\dataconnect`: CreateFile d:\\society\\dataconnect: The system cannot find the file specified.\n"}}
[debug] [2026-03-21T14:45:52.514Z] E0321 20:15:52.514324   15032 watch.go:40] Failed to load config from "d:\\society\\dataconnect": could not find dataconnect.yaml in `d:\society\dataconnect`
 {"metadata":{"emulator":{"name":"dataconnect"},"message":"E0321 20:15:52.514324   15032 watch.go:40] Failed to load config from \"d:\\\\society\\\\dataconnect\": could not find dataconnect.yaml in `d:\\society\\dataconnect`\n"}}
[debug] [2026-03-21T14:46:02.512Z] E0321 20:16:02.511286   15032 watch.go:40] Failed to load config from "d:\\society\\dataconnect": could not find dataconnect.yaml in `d:\society\dataconnect`
 {"metadata":{"emulator":{"name":"dataconnect"},"message":"E0321 20:16:02.511286   15032 watch.go:40] Failed to load config from \"d:\\\\society\\\\dataconnect\": could not find dataconnect.yaml in `d:\\society\\dataconnect`\n"}}
[debug] [2026-03-21T14:46:12.511Z] E0321 20:16:12.511091   15032 watch.go:40] Failed to load config from "d:\\society\\dataconnect": could not find dataconnect.yaml in `d:\society\dataconnect`
 {"metadata":{"emulator":{"name":"dataconnect"},"message":"E0321 20:16:12.511091   15032 watch.go:40] Failed to load config from \"d:\\\\society\\\\dataconnect\": could not find dataconnect.yaml in `d:\\society\\dataconnect`\n"}}
[debug] [2026-03-21T14:46:22.512Z] E0321 20:16:22.512198   15032 watch.go:40] Failed to load config from "d:\\society\\dataconnect": could not find dataconnect.yaml in `d:\society\dataconnect`
 {"metadata":{"emulator":{"name":"dataconnect"},"message":"E0321 20:16:22.512198   15032 watch.go:40] Failed to load config from \"d:\\\\society\\\\dataconnect\": could not find dataconnect.yaml in `d:\\society\\dataconnect`\n"}}
[debug] [2026-03-21T14:46:32.512Z] E0321 20:16:32.511545   15032 watch.go:40] Failed to load config from "d:\\society\\dataconnect": could not find dataconnect.yaml in `d:\society\dataconnect`
 {"metadata":{"emulator":{"name":"dataconnect"},"message":"E0321 20:16:32.511545   15032 watch.go:40] Failed to load config from \"d:\\\\society\\\\dataconnect\": could not find dataconnect.yaml in `d:\\society\\dataconnect`\n"}}
[debug] [2026-03-21T14:46:42.512Z] E0321 20:16:42.511382   15032 watch.go:40] Failed to load config from "d:\\society\\dataconnect": could not find dataconnect.yaml in `d:\society\dataconnect`
 {"metadata":{"emulator":{"name":"dataconnect"},"message":"E0321 20:16:42.511382   15032 watch.go:40] Failed to load config from \"d:\\\\society\\\\dataconnect\": could not find dataconnect.yaml in `d:\\society\\dataconnect`\n"}}
[debug] [2026-03-21T14:46:52.511Z] E0321 20:16:52.511000   15032 watch.go:40] Failed to load config from "d:\\society\\dataconnect": could not find dataconnect.yaml in `d:\society\dataconnect`
 {"metadata":{"emulator":{"name":"dataconnect"},"message":"E0321 20:16:52.511000   15032 watch.go:40] Failed to load config from \"d:\\\\society\\\\dataconnect\": could not find dataconnect.yaml in `d:\\society\\dataconnect`\n"}}
[debug] [2026-03-21T14:46:52.513Z] E0321 20:16:52.511696   15032 watch.go:116] watchAllDir unable to walk dir `d:\society\dataconnect`: CreateFile d:\society\dataconnect: The system cannot find the file specified.
 {"metadata":{"emulator":{"name":"dataconnect"},"message":"E0321 20:16:52.511696   15032 watch.go:116] watchAllDir unable to walk dir `d:\\society\\dataconnect`: CreateFile d:\\society\\dataconnect: The system cannot find the file specified.\n"}}
[debug] [2026-03-21T14:47:02.513Z] E0321 20:17:02.512486   15032 watch.go:40] Failed to load config from "d:\\society\\dataconnect": could not find dataconnect.yaml in `d:\society\dataconnect`
 {"metadata":{"emulator":{"name":"dataconnect"},"message":"E0321 20:17:02.512486   15032 watch.go:40] Failed to load config from \"d:\\\\society\\\\dataconnect\": could not find dataconnect.yaml in `d:\\society\\dataconnect`\n"}}
[debug] [2026-03-21T14:47:12.512Z] E0321 20:17:12.511971   15032 watch.go:40] Failed to load config from "d:\\society\\dataconnect": could not find dataconnect.yaml in `d:\society\dataconnect`
 {"metadata":{"emulator":{"name":"dataconnect"},"message":"E0321 20:17:12.511971   15032 watch.go:40] Failed to load config from \"d:\\\\society\\\\dataconnect\": could not find dataconnect.yaml in `d:\\society\\dataconnect`\n"}}
[debug] [2026-03-21T14:47:22.512Z] E0321 20:17:22.511694   15032 watch.go:40] Failed to load config from "d:\\society\\dataconnect": could not find dataconnect.yaml in `d:\society\dataconnect`
 {"metadata":{"emulator":{"name":"dataconnect"},"message":"E0321 20:17:22.511694   15032 watch.go:40] Failed to load config from \"d:\\\\society\\\\dataconnect\": could not find dataconnect.yaml in `d:\\society\\dataconnect`\n"}}
[debug] [2026-03-21T14:47:32.511Z] E0321 20:17:32.511049   15032 watch.go:40] Failed to load config from "d:\\society\\dataconnect": could not find dataconnect.yaml in `d:\society\dataconnect`
 {"metadata":{"emulator":{"name":"dataconnect"},"message":"E0321 20:17:32.511049   15032 watch.go:40] Failed to load config from \"d:\\\\society\\\\dataconnect\": could not find dataconnect.yaml in `d:\\society\\dataconnect`\n"}}
[debug] [2026-03-21T14:47:42.511Z] E0321 20:17:42.511240   15032 watch.go:40] Failed to load config from "d:\\society\\dataconnect": could not find dataconnect.yaml in `d:\society\dataconnect`
 {"metadata":{"emulator":{"name":"dataconnect"},"message":"E0321 20:17:42.511240   15032 watch.go:40] Failed to load config from \"d:\\\\society\\\\dataconnect\": could not find dataconnect.yaml in `d:\\society\\dataconnect`\n"}}
[debug] [2026-03-21T14:47:52.511Z] E0321 20:17:52.511308   15032 watch.go:116] watchAllDir unable to walk dir `d:\society\dataconnect`: CreateFile d:\society\dataconnect: The system cannot find the file specified.
E0321 20:17:52.511308   15032 watch.go:40] Failed to load config from "d:\\society\\dataconnect": could not find dataconnect.yaml in `d:\society\dataconnect`
 {"metadata":{"emulator":{"name":"dataconnect"},"message":"E0321 20:17:52.511308   15032 watch.go:116] watchAllDir unable to walk dir `d:\\society\\dataconnect`: CreateFile d:\\society\\dataconnect: The system cannot find the file specified.\nE0321 20:17:52.511308   15032 watch.go:40] Failed to load config from \"d:\\\\society\\\\dataconnect\": could not find dataconnect.yaml in `d:\\society\\dataconnect`\n"}}
[debug] [2026-03-21T14:48:02.512Z] E0321 20:18:02.513115   15032 watch.go:40] Failed to load config from "d:\\society\\dataconnect": could not find dataconnect.yaml in `d:\society\dataconnect`
 {"metadata":{"emulator":{"name":"dataconnect"},"message":"E0321 20:18:02.513115   15032 watch.go:40] Failed to load config from \"d:\\\\society\\\\dataconnect\": could not find dataconnect.yaml in `d:\\society\\dataconnect`\n"}}
[debug] [2026-03-21T14:48:12.511Z] E0321 20:18:12.511111   15032 watch.go:40] Failed to load config from "d:\\society\\dataconnect": could not find dataconnect.yaml in `d:\society\dataconnect`
 {"metadata":{"emulator":{"name":"dataconnect"},"message":"E0321 20:18:12.511111   15032 watch.go:40] Failed to load config from \"d:\\\\society\\\\dataconnect\": could not find dataconnect.yaml in `d:\\society\\dataconnect`\n"}}
[debug] [2026-03-21T14:48:22.511Z] E0321 20:18:22.511243   15032 watch.go:40] Failed to load config from "d:\\society\\dataconnect": could not find dataconnect.yaml in `d:\society\dataconnect`
 {"metadata":{"emulator":{"name":"dataconnect"},"message":"E0321 20:18:22.511243   15032 watch.go:40] Failed to load config from \"d:\\\\society\\\\dataconnect\": could not find dataconnect.yaml in `d:\\society\\dataconnect`\n"}}
[debug] [2026-03-21T14:48:32.513Z] E0321 20:18:32.512636   15032 watch.go:40] Failed to load config from "d:\\society\\dataconnect": could not find dataconnect.yaml in `d:\society\dataconnect`
 {"metadata":{"emulator":{"name":"dataconnect"},"message":"E0321 20:18:32.512636   15032 watch.go:40] Failed to load config from \"d:\\\\society\\\\dataconnect\": could not find dataconnect.yaml in `d:\\society\\dataconnect`\n"}}
[debug] [2026-03-21T14:48:42.511Z] E0321 20:18:42.511198   15032 watch.go:40] Failed to load config from "d:\\society\\dataconnect": could not find dataconnect.yaml in `d:\society\dataconnect`
 {"metadata":{"emulator":{"name":"dataconnect"},"message":"E0321 20:18:42.511198   15032 watch.go:40] Failed to load config from \"d:\\\\society\\\\dataconnect\": could not find dataconnect.yaml in `d:\\society\\dataconnect`\n"}}
[debug] [2026-03-21T14:48:52.512Z] E0321 20:18:52.511406   15032 watch.go:116] watchAllDir unable to walk dir `d:\society\dataconnect`: CreateFile d:\society\dataconnect: The system cannot find the file specified.
 {"metadata":{"emulator":{"name":"dataconnect"},"message":"E0321 20:18:52.511406   15032 watch.go:116] watchAllDir unable to walk dir `d:\\society\\dataconnect`: CreateFile d:\\society\\dataconnect: The system cannot find the file specified.\n"}}
[debug] [2026-03-21T14:48:52.513Z] E0321 20:18:52.511828   15032 watch.go:40] Failed to load config from "d:\\society\\dataconnect": could not find dataconnect.yaml in `d:\society\dataconnect`
 {"metadata":{"emulator":{"name":"dataconnect"},"message":"E0321 20:18:52.511828   15032 watch.go:40] Failed to load config from \"d:\\\\society\\\\dataconnect\": could not find dataconnect.yaml in `d:\\society\\dataconnect`\n"}}
[debug] [2026-03-21T14:49:02.512Z] E0321 20:19:02.511881   15032 watch.go:40] Failed to load config from "d:\\society\\dataconnect": could not find dataconnect.yaml in `d:\society\dataconnect`
 {"metadata":{"emulator":{"name":"dataconnect"},"message":"E0321 20:19:02.511881   15032 watch.go:40] Failed to load config from \"d:\\\\society\\\\dataconnect\": could not find dataconnect.yaml in `d:\\society\\dataconnect`\n"}}
[debug] [2026-03-21T14:49:12.512Z] E0321 20:19:12.511239   15032 watch.go:40] Failed to load config from "d:\\society\\dataconnect": could not find dataconnect.yaml in `d:\society\dataconnect`
 {"metadata":{"emulator":{"name":"dataconnect"},"message":"E0321 20:19:12.511239   15032 watch.go:40] Failed to load config from \"d:\\\\society\\\\dataconnect\": could not find dataconnect.yaml in `d:\\society\\dataconnect`\n"}}
[debug] [2026-03-21T14:49:22.512Z] E0321 20:19:22.512056   15032 watch.go:40] Failed to load config from "d:\\society\\dataconnect": could not find dataconnect.yaml in `d:\society\dataconnect`
 {"metadata":{"emulator":{"name":"dataconnect"},"message":"E0321 20:19:22.512056   15032 watch.go:40] Failed to load config from \"d:\\\\society\\\\dataconnect\": could not find dataconnect.yaml in `d:\\society\\dataconnect`\n"}}
[debug] [2026-03-21T14:49:32.512Z] E0321 20:19:32.511905   15032 watch.go:40] Failed to load config from "d:\\society\\dataconnect": could not find dataconnect.yaml in `d:\society\dataconnect`
 {"metadata":{"emulator":{"name":"dataconnect"},"message":"E0321 20:19:32.511905   15032 watch.go:40] Failed to load config from \"d:\\\\society\\\\dataconnect\": could not find dataconnect.yaml in `d:\\society\\dataconnect`\n"}}
[debug] [2026-03-21T14:49:42.511Z] E0321 20:19:42.511139   15032 watch.go:40] Failed to load config from "d:\\society\\dataconnect": could not find dataconnect.yaml in `d:\society\dataconnect`
 {"metadata":{"emulator":{"name":"dataconnect"},"message":"E0321 20:19:42.511139   15032 watch.go:40] Failed to load config from \"d:\\\\society\\\\dataconnect\": could not find dataconnect.yaml in `d:\\society\\dataconnect`\n"}}
[debug] [2026-03-21T14:49:52.511Z] E0321 20:19:52.511242   15032 watch.go:40] Failed to load config from "d:\\society\\dataconnect": could not find dataconnect.yaml in `d:\society\dataconnect`
 {"metadata":{"emulator":{"name":"dataconnect"},"message":"E0321 20:19:52.511242   15032 watch.go:40] Failed to load config from \"d:\\\\society\\\\dataconnect\": could not find dataconnect.yaml in `d:\\society\\dataconnect`\n"}}
[debug] [2026-03-21T14:49:52.513Z] E0321 20:19:52.511917   15032 watch.go:116] watchAllDir unable to walk dir `d:\society\dataconnect`: CreateFile d:\society\dataconnect: The system cannot find the file specified.
 {"metadata":{"emulator":{"name":"dataconnect"},"message":"E0321 20:19:52.511917   15032 watch.go:116] watchAllDir unable to walk dir `d:\\society\\dataconnect`: CreateFile d:\\society\\dataconnect: The system cannot find the file specified.\n"}}
[debug] [2026-03-21T14:50:02.511Z] E0321 20:20:02.510924   15032 watch.go:40] Failed to load config from "d:\\society\\dataconnect": could not find dataconnect.yaml in `d:\society\dataconnect`
 {"metadata":{"emulator":{"name":"dataconnect"},"message":"E0321 20:20:02.510924   15032 watch.go:40] Failed to load config from \"d:\\\\society\\\\dataconnect\": could not find dataconnect.yaml in `d:\\society\\dataconnect`\n"}}
[debug] [2026-03-21T14:50:12.512Z] E0321 20:20:12.511964   15032 watch.go:40] Failed to load config from "d:\\society\\dataconnect": could not find dataconnect.yaml in `d:\society\dataconnect`
 {"metadata":{"emulator":{"name":"dataconnect"},"message":"E0321 20:20:12.511964   15032 watch.go:40] Failed to load config from \"d:\\\\society\\\\dataconnect\": could not find dataconnect.yaml in `d:\\society\\dataconnect`\n"}}
[debug] [2026-03-21T14:50:22.512Z] E0321 20:20:22.511506   15032 watch.go:40] Failed to load config from "d:\\society\\dataconnect": could not find dataconnect.yaml in `d:\society\dataconnect`
 {"metadata":{"emulator":{"name":"dataconnect"},"message":"E0321 20:20:22.511506   15032 watch.go:40] Failed to load config from \"d:\\\\society\\\\dataconnect\": could not find dataconnect.yaml in `d:\\society\\dataconnect`\n"}}
[debug] [2026-03-21T14:50:32.511Z] E0321 20:20:32.511241   15032 watch.go:40] Failed to load config from "d:\\society\\dataconnect": could not find dataconnect.yaml in `d:\society\dataconnect`
 {"metadata":{"emulator":{"name":"dataconnect"},"message":"E0321 20:20:32.511241   15032 watch.go:40] Failed to load config from \"d:\\\\society\\\\dataconnect\": could not find dataconnect.yaml in `d:\\society\\dataconnect`\n"}}
[debug] [2026-03-21T14:50:42.511Z] E0321 20:20:42.511202   15032 watch.go:40] Failed to load config from "d:\\society\\dataconnect": could not find dataconnect.yaml in `d:\society\dataconnect`
 {"metadata":{"emulator":{"name":"dataconnect"},"message":"E0321 20:20:42.511202   15032 watch.go:40] Failed to load config from \"d:\\\\society\\\\dataconnect\": could not find dataconnect.yaml in `d:\\society\\dataconnect`\n"}}
[debug] [2026-03-21T14:50:52.511Z] E0321 20:20:52.511153   15032 watch.go:40] Failed to load config from "d:\\society\\dataconnect": could not find dataconnect.yaml in `d:\society\dataconnect`
 {"metadata":{"emulator":{"name":"dataconnect"},"message":"E0321 20:20:52.511153   15032 watch.go:40] Failed to load config from \"d:\\\\society\\\\dataconnect\": could not find dataconnect.yaml in `d:\\society\\dataconnect`\n"}}
[debug] [2026-03-21T14:50:52.512Z] E0321 20:20:52.511788   15032 watch.go:116] watchAllDir unable to walk dir `d:\society\dataconnect`: CreateFile d:\society\dataconnect: The system cannot find the file specified.
 {"metadata":{"emulator":{"name":"dataconnect"},"message":"E0321 20:20:52.511788   15032 watch.go:116] watchAllDir unable to walk dir `d:\\society\\dataconnect`: CreateFile d:\\society\\dataconnect: The system cannot find the file specified.\n"}}
[debug] [2026-03-21T14:51:02.511Z] E0321 20:21:02.512036   15032 watch.go:40] Failed to load config from "d:\\society\\dataconnect": could not find dataconnect.yaml in `d:\society\dataconnect`
 {"metadata":{"emulator":{"name":"dataconnect"},"message":"E0321 20:21:02.512036   15032 watch.go:40] Failed to load config from \"d:\\\\society\\\\dataconnect\": could not find dataconnect.yaml in `d:\\society\\dataconnect`\n"}}
[debug] [2026-03-21T14:51:12.511Z] E0321 20:21:12.511271   15032 watch.go:40] Failed to load config from "d:\\society\\dataconnect": could not find dataconnect.yaml in `d:\society\dataconnect`
 {"metadata":{"emulator":{"name":"dataconnect"},"message":"E0321 20:21:12.511271   15032 watch.go:40] Failed to load config from \"d:\\\\society\\\\dataconnect\": could not find dataconnect.yaml in `d:\\society\\dataconnect`\n"}}
[debug] [2026-03-21T14:51:22.511Z] E0321 20:21:22.511381   15032 watch.go:40] Failed to load config from "d:\\society\\dataconnect": could not find dataconnect.yaml in `d:\society\dataconnect`
 {"metadata":{"emulator":{"name":"dataconnect"},"message":"E0321 20:21:22.511381   15032 watch.go:40] Failed to load config from \"d:\\\\society\\\\dataconnect\": could not find dataconnect.yaml in `d:\\society\\dataconnect`\n"}}
[debug] [2026-03-21T14:51:32.511Z] E0321 20:21:32.511286   15032 watch.go:40] Failed to load config from "d:\\society\\dataconnect": could not find dataconnect.yaml in `d:\society\dataconnect`
 {"metadata":{"emulator":{"name":"dataconnect"},"message":"E0321 20:21:32.511286   15032 watch.go:40] Failed to load config from \"d:\\\\society\\\\dataconnect\": could not find dataconnect.yaml in `d:\\society\\dataconnect`\n"}}
[debug] [2026-03-21T14:51:42.511Z] E0321 20:21:42.511397   15032 watch.go:40] Failed to load config from "d:\\society\\dataconnect": could not find dataconnect.yaml in `d:\society\dataconnect`
 {"metadata":{"emulator":{"name":"dataconnect"},"message":"E0321 20:21:42.511397   15032 watch.go:40] Failed to load config from \"d:\\\\society\\\\dataconnect\": could not find dataconnect.yaml in `d:\\society\\dataconnect`\n"}}
[debug] [2026-03-21T14:51:52.511Z] E0321 20:21:52.511201   15032 watch.go:40] Failed to load config from "d:\\society\\dataconnect": could not find dataconnect.yaml in `d:\society\dataconnect`
 {"metadata":{"emulator":{"name":"dataconnect"},"message":"E0321 20:21:52.511201   15032 watch.go:40] Failed to load config from \"d:\\\\society\\\\dataconnect\": could not find dataconnect.yaml in `d:\\society\\dataconnect`\n"}}
[debug] [2026-03-21T14:51:52.512Z] E0321 20:21:52.511893   15032 watch.go:116] watchAllDir unable to walk dir `d:\society\dataconnect`: CreateFile d:\society\dataconnect: The system cannot find the file specified.
 {"metadata":{"emulator":{"name":"dataconnect"},"message":"E0321 20:21:52.511893   15032 watch.go:116] watchAllDir unable to walk dir `d:\\society\\dataconnect`: CreateFile d:\\society\\dataconnect: The system cannot find the file specified.\n"}}
[debug] [2026-03-21T14:52:02.511Z] E0321 20:22:02.511469   15032 watch.go:40] Failed to load config from "d:\\society\\dataconnect": could not find dataconnect.yaml in `d:\society\dataconnect`
 {"metadata":{"emulator":{"name":"dataconnect"},"message":"E0321 20:22:02.511469   15032 watch.go:40] Failed to load config from \"d:\\\\society\\\\dataconnect\": could not find dataconnect.yaml in `d:\\society\\dataconnect`\n"}}
[debug] [2026-03-21T14:52:12.511Z] E0321 20:22:12.511315   15032 watch.go:40] Failed to load config from "d:\\society\\dataconnect": could not find dataconnect.yaml in `d:\society\dataconnect`
 {"metadata":{"emulator":{"name":"dataconnect"},"message":"E0321 20:22:12.511315   15032 watch.go:40] Failed to load config from \"d:\\\\society\\\\dataconnect\": could not find dataconnect.yaml in `d:\\society\\dataconnect`\n"}}
[debug] [2026-03-21T14:52:22.511Z] E0321 20:22:22.511122   15032 watch.go:40] Failed to load config from "d:\\society\\dataconnect": could not find dataconnect.yaml in `d:\society\dataconnect`
 {"metadata":{"emulator":{"name":"dataconnect"},"message":"E0321 20:22:22.511122   15032 watch.go:40] Failed to load config from \"d:\\\\society\\\\dataconnect\": could not find dataconnect.yaml in `d:\\society\\dataconnect`\n"}}
[debug] [2026-03-21T14:52:32.511Z] E0321 20:22:32.511061   15032 watch.go:40] Failed to load config from "d:\\society\\dataconnect": could not find dataconnect.yaml in `d:\society\dataconnect`
 {"metadata":{"emulator":{"name":"dataconnect"},"message":"E0321 20:22:32.511061   15032 watch.go:40] Failed to load config from \"d:\\\\society\\\\dataconnect\": could not find dataconnect.yaml in `d:\\society\\dataconnect`\n"}}
[debug] [2026-03-21T14:52:42.510Z] E0321 20:22:42.510987   15032 watch.go:40] Failed to load config from "d:\\society\\dataconnect": could not find dataconnect.yaml in `d:\society\dataconnect`
 {"metadata":{"emulator":{"name":"dataconnect"},"message":"E0321 20:22:42.510987   15032 watch.go:40] Failed to load config from \"d:\\\\society\\\\dataconnect\": could not find dataconnect.yaml in `d:\\society\\dataconnect`\n"}}
[debug] [2026-03-21T14:52:52.510Z] E0321 20:22:52.511000   15032 watch.go:40] Failed to load config from "d:\\society\\dataconnect": could not find dataconnect.yaml in `d:\society\dataconnect`
 {"metadata":{"emulator":{"name":"dataconnect"},"message":"E0321 20:22:52.511000   15032 watch.go:40] Failed to load config from \"d:\\\\society\\\\dataconnect\": could not find dataconnect.yaml in `d:\\society\\dataconnect`\n"}}
[debug] [2026-03-21T14:52:52.511Z] E0321 20:22:52.511633   15032 watch.go:116] watchAllDir unable to walk dir `d:\society\dataconnect`: CreateFile d:\society\dataconnect: The system cannot find the file specified.
 {"metadata":{"emulator":{"name":"dataconnect"},"message":"E0321 20:22:52.511633   15032 watch.go:116] watchAllDir unable to walk dir `d:\\society\\dataconnect`: CreateFile d:\\society\\dataconnect: The system cannot find the file specified.\n"}}
[debug] [2026-03-21T14:53:02.510Z] E0321 20:23:02.511295   15032 watch.go:40] Failed to load config from "d:\\society\\dataconnect": could not find dataconnect.yaml in `d:\society\dataconnect`
 {"metadata":{"emulator":{"name":"dataconnect"},"message":"E0321 20:23:02.511295   15032 watch.go:40] Failed to load config from \"d:\\\\society\\\\dataconnect\": could not find dataconnect.yaml in `d:\\society\\dataconnect`\n"}}
[debug] [2026-03-21T14:53:12.513Z] E0321 20:23:12.514311   15032 watch.go:40] Failed to load config from "d:\\society\\dataconnect": could not find dataconnect.yaml in `d:\society\dataconnect`
 {"metadata":{"emulator":{"name":"dataconnect"},"message":"E0321 20:23:12.514311   15032 watch.go:40] Failed to load config from \"d:\\\\society\\\\dataconnect\": could not find dataconnect.yaml in `d:\\society\\dataconnect`\n"}}
[debug] [2026-03-21T14:53:22.511Z] E0321 20:23:22.512331   15032 watch.go:40] Failed to load config from "d:\\society\\dataconnect": could not find dataconnect.yaml in `d:\society\dataconnect`
 {"metadata":{"emulator":{"name":"dataconnect"},"message":"E0321 20:23:22.512331   15032 watch.go:40] Failed to load config from \"d:\\\\society\\\\dataconnect\": could not find dataconnect.yaml in `d:\\society\\dataconnect`\n"}}
[debug] [2026-03-21T14:53:32.510Z] E0321 20:23:32.511142   15032 watch.go:40] Failed to load config from "d:\\society\\dataconnect": could not find dataconnect.yaml in `d:\society\dataconnect`
 {"metadata":{"emulator":{"name":"dataconnect"},"message":"E0321 20:23:32.511142   15032 watch.go:40] Failed to load config from \"d:\\\\society\\\\dataconnect\": could not find dataconnect.yaml in `d:\\society\\dataconnect`\n"}}
[debug] [2026-03-21T14:53:42.510Z] E0321 20:23:42.511359   15032 watch.go:40] Failed to load config from "d:\\society\\dataconnect": could not find dataconnect.yaml in `d:\society\dataconnect`
 {"metadata":{"emulator":{"name":"dataconnect"},"message":"E0321 20:23:42.511359   15032 watch.go:40] Failed to load config from \"d:\\\\society\\\\dataconnect\": could not find dataconnect.yaml in `d:\\society\\dataconnect`\n"}}
[debug] [2026-03-21T14:53:52.511Z] E0321 20:23:52.511198   15032 watch.go:40] Failed to load config from "d:\\society\\dataconnect": could not find dataconnect.yaml in `d:\society\dataconnect`
 {"metadata":{"emulator":{"name":"dataconnect"},"message":"E0321 20:23:52.511198   15032 watch.go:40] Failed to load config from \"d:\\\\society\\\\dataconnect\": could not find dataconnect.yaml in `d:\\society\\dataconnect`\n"}}
[debug] [2026-03-21T14:53:52.513Z] E0321 20:23:52.511873   15032 watch.go:116] watchAllDir unable to walk dir `d:\society\dataconnect`: CreateFile d:\society\dataconnect: The system cannot find the file specified.
 {"metadata":{"emulator":{"name":"dataconnect"},"message":"E0321 20:23:52.511873   15032 watch.go:116] watchAllDir unable to walk dir `d:\\society\\dataconnect`: CreateFile d:\\society\\dataconnect: The system cannot find the file specified.\n"}}
[debug] [2026-03-21T14:54:02.511Z] E0321 20:24:02.511463   15032 watch.go:40] Failed to load config from "d:\\society\\dataconnect": could not find dataconnect.yaml in `d:\society\dataconnect`
 {"metadata":{"emulator":{"name":"dataconnect"},"message":"E0321 20:24:02.511463   15032 watch.go:40] Failed to load config from \"d:\\\\society\\\\dataconnect\": could not find dataconnect.yaml in `d:\\society\\dataconnect`\n"}}
[debug] [2026-03-21T14:54:12.513Z] E0321 20:24:12.513038   15032 watch.go:40] Failed to load config from "d:\\society\\dataconnect": could not find dataconnect.yaml in `d:\society\dataconnect`
 {"metadata":{"emulator":{"name":"dataconnect"},"message":"E0321 20:24:12.513038   15032 watch.go:40] Failed to load config from \"d:\\\\society\\\\dataconnect\": could not find dataconnect.yaml in `d:\\society\\dataconnect`\n"}}
[debug] [2026-03-21T14:54:22.512Z] E0321 20:24:22.512849   15032 watch.go:40] Failed to load config from "d:\\society\\dataconnect": could not find dataconnect.yaml in `d:\society\dataconnect`
 {"metadata":{"emulator":{"name":"dataconnect"},"message":"E0321 20:24:22.512849   15032 watch.go:40] Failed to load config from \"d:\\\\society\\\\dataconnect\": could not find dataconnect.yaml in `d:\\society\\dataconnect`\n"}}
[debug] [2026-03-21T14:54:32.511Z] E0321 20:24:32.511233   15032 watch.go:40] Failed to load config from "d:\\society\\dataconnect": could not find dataconnect.yaml in `d:\society\dataconnect`
 {"metadata":{"emulator":{"name":"dataconnect"},"message":"E0321 20:24:32.511233   15032 watch.go:40] Failed to load config from \"d:\\\\society\\\\dataconnect\": could not find dataconnect.yaml in `d:\\society\\dataconnect`\n"}}
[debug] [2026-03-21T14:54:42.511Z] E0321 20:24:42.511077   15032 watch.go:40] Failed to load config from "d:\\society\\dataconnect": could not find dataconnect.yaml in `d:\society\dataconnect`
 {"metadata":{"emulator":{"name":"dataconnect"},"message":"E0321 20:24:42.511077   15032 watch.go:40] Failed to load config from \"d:\\\\society\\\\dataconnect\": could not find dataconnect.yaml in `d:\\society\\dataconnect`\n"}}
[debug] [2026-03-21T14:54:52.511Z] E0321 20:24:52.511688   15032 watch.go:116] watchAllDir unable to walk dir `d:\society\dataconnect`: CreateFile d:\society\dataconnect: The system cannot find the file specified.
 {"metadata":{"emulator":{"name":"dataconnect"},"message":"E0321 20:24:52.511688   15032 watch.go:116] watchAllDir unable to walk dir `d:\\society\\dataconnect`: CreateFile d:\\society\\dataconnect: The system cannot find the file specified.\n"}}
[debug] [2026-03-21T14:54:52.512Z] E0321 20:24:52.511688   15032 watch.go:40] Failed to load config from "d:\\society\\dataconnect": could not find dataconnect.yaml in `d:\society\dataconnect`
 {"metadata":{"emulator":{"name":"dataconnect"},"message":"E0321 20:24:52.511688   15032 watch.go:40] Failed to load config from \"d:\\\\society\\\\dataconnect\": could not find dataconnect.yaml in `d:\\society\\dataconnect`\n"}}
[debug] [2026-03-21T14:55:02.511Z] E0321 20:25:02.511714   15032 watch.go:40] Failed to load config from "d:\\society\\dataconnect": could not find dataconnect.yaml in `d:\society\dataconnect`
 {"metadata":{"emulator":{"name":"dataconnect"},"message":"E0321 20:25:02.511714   15032 watch.go:40] Failed to load config from \"d:\\\\society\\\\dataconnect\": could not find dataconnect.yaml in `d:\\society\\dataconnect`\n"}}
[debug] [2026-03-21T14:55:12.511Z] E0321 20:25:12.512289   15032 watch.go:40] Failed to load config from "d:\\society\\dataconnect": could not find dataconnect.yaml in `d:\society\dataconnect`
 {"metadata":{"emulator":{"name":"dataconnect"},"message":"E0321 20:25:12.512289   15032 watch.go:40] Failed to load config from \"d:\\\\society\\\\dataconnect\": could not find dataconnect.yaml in `d:\\society\\dataconnect`\n"}}
[debug] [2026-03-21T14:55:22.511Z] E0321 20:25:22.511044   15032 watch.go:40] Failed to load config from "d:\\society\\dataconnect": could not find dataconnect.yaml in `d:\society\dataconnect`
 {"metadata":{"emulator":{"name":"dataconnect"},"message":"E0321 20:25:22.511044   15032 watch.go:40] Failed to load config from \"d:\\\\society\\\\dataconnect\": could not find dataconnect.yaml in `d:\\society\\dataconnect`\n"}}
[debug] [2026-03-21T14:55:32.511Z] E0321 20:25:32.510894   15032 watch.go:40] Failed to load config from "d:\\society\\dataconnect": could not find dataconnect.yaml in `d:\society\dataconnect`
 {"metadata":{"emulator":{"name":"dataconnect"},"message":"E0321 20:25:32.510894   15032 watch.go:40] Failed to load config from \"d:\\\\society\\\\dataconnect\": could not find dataconnect.yaml in `d:\\society\\dataconnect`\n"}}
[debug] [2026-03-21T14:55:42.511Z] E0321 20:25:42.512102   15032 watch.go:40] Failed to load config from "d:\\society\\dataconnect": could not find dataconnect.yaml in `d:\society\dataconnect`
 {"metadata":{"emulator":{"name":"dataconnect"},"message":"E0321 20:25:42.512102   15032 watch.go:40] Failed to load config from \"d:\\\\society\\\\dataconnect\": could not find dataconnect.yaml in `d:\\society\\dataconnect`\n"}}
[debug] [2026-03-21T14:55:52.511Z] E0321 20:25:52.511943   15032 watch.go:40] Failed to load config from "d:\\society\\dataconnect": could not find dataconnect.yaml in `d:\society\dataconnect`
E0321 20:25:52.511943   15032 watch.go:116] watchAllDir unable to walk dir `d:\society\dataconnect`: CreateFile d:\society\dataconnect: The system cannot find the file specified.
 {"metadata":{"emulator":{"name":"dataconnect"},"message":"E0321 20:25:52.511943   15032 watch.go:40] Failed to load config from \"d:\\\\society\\\\dataconnect\": could not find dataconnect.yaml in `d:\\society\\dataconnect`\nE0321 20:25:52.511943   15032 watch.go:116] watchAllDir unable to walk dir `d:\\society\\dataconnect`: CreateFile d:\\society\\dataconnect: The system cannot find the file specified.\n"}}
[debug] [2026-03-21T14:56:02.510Z] E0321 20:26:02.511289   15032 watch.go:40] Failed to load config from "d:\\society\\dataconnect": could not find dataconnect.yaml in `d:\society\dataconnect`
 {"metadata":{"emulator":{"name":"dataconnect"},"message":"E0321 20:26:02.511289   15032 watch.go:40] Failed to load config from \"d:\\\\society\\\\dataconnect\": could not find dataconnect.yaml in `d:\\society\\dataconnect`\n"}}
[debug] [2026-03-21T14:56:12.511Z] E0321 20:26:12.511228   15032 watch.go:40] Failed to load config from "d:\\society\\dataconnect": could not find dataconnect.yaml in `d:\society\dataconnect`
 {"metadata":{"emulator":{"name":"dataconnect"},"message":"E0321 20:26:12.511228   15032 watch.go:40] Failed to load config from \"d:\\\\society\\\\dataconnect\": could not find dataconnect.yaml in `d:\\society\\dataconnect`\n"}}
[debug] [2026-03-21T14:56:22.511Z] E0321 20:26:22.511874   15032 watch.go:40] Failed to load config from "d:\\society\\dataconnect": could not find dataconnect.yaml in `d:\society\dataconnect`
 {"metadata":{"emulator":{"name":"dataconnect"},"message":"E0321 20:26:22.511874   15032 watch.go:40] Failed to load config from \"d:\\\\society\\\\dataconnect\": could not find dataconnect.yaml in `d:\\society\\dataconnect`\n"}}
[debug] [2026-03-21T14:56:32.511Z] E0321 20:26:32.511563   15032 watch.go:40] Failed to load config from "d:\\society\\dataconnect": could not find dataconnect.yaml in `d:\society\dataconnect`
 {"metadata":{"emulator":{"name":"dataconnect"},"message":"E0321 20:26:32.511563   15032 watch.go:40] Failed to load config from \"d:\\\\society\\\\dataconnect\": could not find dataconnect.yaml in `d:\\society\\dataconnect`\n"}}
[debug] [2026-03-21T14:56:42.510Z] E0321 20:26:42.511172   15032 watch.go:40] Failed to load config from "d:\\society\\dataconnect": could not find dataconnect.yaml in `d:\society\dataconnect`
 {"metadata":{"emulator":{"name":"dataconnect"},"message":"E0321 20:26:42.511172   15032 watch.go:40] Failed to load config from \"d:\\\\society\\\\dataconnect\": could not find dataconnect.yaml in `d:\\society\\dataconnect`\n"}}
[debug] [2026-03-21T14:56:52.510Z] E0321 20:26:52.511040   15032 watch.go:40] Failed to load config from "d:\\society\\dataconnect": could not find dataconnect.yaml in `d:\society\dataconnect`
 {"metadata":{"emulator":{"name":"dataconnect"},"message":"E0321 20:26:52.511040   15032 watch.go:40] Failed to load config from \"d:\\\\society\\\\dataconnect\": could not find dataconnect.yaml in `d:\\society\\dataconnect`\n"}}
[debug] [2026-03-21T14:56:52.511Z] E0321 20:26:52.511741   15032 watch.go:116] watchAllDir unable to walk dir `d:\society\dataconnect`: CreateFile d:\society\dataconnect: The system cannot find the file specified.
 {"metadata":{"emulator":{"name":"dataconnect"},"message":"E0321 20:26:52.511741   15032 watch.go:116] watchAllDir unable to walk dir `d:\\society\\dataconnect`: CreateFile d:\\society\\dataconnect: The system cannot find the file specified.\n"}}
[debug] [2026-03-21T14:57:02.510Z] E0321 20:27:02.511383   15032 watch.go:40] Failed to load config from "d:\\society\\dataconnect": could not find dataconnect.yaml in `d:\society\dataconnect`
 {"metadata":{"emulator":{"name":"dataconnect"},"message":"E0321 20:27:02.511383   15032 watch.go:40] Failed to load config from \"d:\\\\society\\\\dataconnect\": could not find dataconnect.yaml in `d:\\society\\dataconnect`\n"}}
[debug] [2026-03-21T14:57:12.510Z] E0321 20:27:12.511404   15032 watch.go:40] Failed to load config from "d:\\society\\dataconnect": could not find dataconnect.yaml in `d:\society\dataconnect`
 {"metadata":{"emulator":{"name":"dataconnect"},"message":"E0321 20:27:12.511404   15032 watch.go:40] Failed to load config from \"d:\\\\society\\\\dataconnect\": could not find dataconnect.yaml in `d:\\society\\dataconnect`\n"}}
[debug] [2026-03-21T14:57:22.512Z] E0321 20:27:22.513998   15032 watch.go:40] Failed to load config from "d:\\society\\dataconnect": could not find dataconnect.yaml in `d:\society\dataconnect`
 {"metadata":{"emulator":{"name":"dataconnect"},"message":"E0321 20:27:22.513998   15032 watch.go:40] Failed to load config from \"d:\\\\society\\\\dataconnect\": could not find dataconnect.yaml in `d:\\society\\dataconnect`\n"}}
[debug] [2026-03-21T14:57:32.514Z] E0321 20:27:32.515659   15032 watch.go:40] Failed to load config from "d:\\society\\dataconnect": could not find dataconnect.yaml in `d:\society\dataconnect`
 {"metadata":{"emulator":{"name":"dataconnect"},"message":"E0321 20:27:32.515659   15032 watch.go:40] Failed to load config from \"d:\\\\society\\\\dataconnect\": could not find dataconnect.yaml in `d:\\society\\dataconnect`\n"}}
[debug] [2026-03-21T14:57:42.512Z] E0321 20:27:42.511951   15032 watch.go:40] Failed to load config from "d:\\society\\dataconnect": could not find dataconnect.yaml in `d:\society\dataconnect`
 {"metadata":{"emulator":{"name":"dataconnect"},"message":"E0321 20:27:42.511951   15032 watch.go:40] Failed to load config from \"d:\\\\society\\\\dataconnect\": could not find dataconnect.yaml in `d:\\society\\dataconnect`\n"}}
[debug] [2026-03-21T14:57:52.512Z] E0321 20:27:52.512333   15032 watch.go:116] watchAllDir unable to walk dir `d:\society\dataconnect`: CreateFile d:\society\dataconnect: The system cannot find the file specified.
 {"metadata":{"emulator":{"name":"dataconnect"},"message":"E0321 20:27:52.512333   15032 watch.go:116] watchAllDir unable to walk dir `d:\\society\\dataconnect`: CreateFile d:\\society\\dataconnect: The system cannot find the file specified.\n"}}
[debug] [2026-03-21T14:57:52.517Z] E0321 20:27:52.513547   15032 watch.go:40] Failed to load config from "d:\\society\\dataconnect": could not find dataconnect.yaml in `d:\society\dataconnect`
 {"metadata":{"emulator":{"name":"dataconnect"},"message":"E0321 20:27:52.513547   15032 watch.go:40] Failed to load config from \"d:\\\\society\\\\dataconnect\": could not find dataconnect.yaml in `d:\\society\\dataconnect`\n"}}
[debug] [2026-03-21T14:58:02.511Z] E0321 20:28:02.511687   15032 watch.go:40] Failed to load config from "d:\\society\\dataconnect": could not find dataconnect.yaml in `d:\society\dataconnect`
 {"metadata":{"emulator":{"name":"dataconnect"},"message":"E0321 20:28:02.511687   15032 watch.go:40] Failed to load config from \"d:\\\\society\\\\dataconnect\": could not find dataconnect.yaml in `d:\\society\\dataconnect`\n"}}
[debug] [2026-03-21T14:58:12.512Z] E0321 20:28:12.511917   15032 watch.go:40] Failed to load config from "d:\\society\\dataconnect": could not find dataconnect.yaml in `d:\society\dataconnect`
 {"metadata":{"emulator":{"name":"dataconnect"},"message":"E0321 20:28:12.511917   15032 watch.go:40] Failed to load config from \"d:\\\\society\\\\dataconnect\": could not find dataconnect.yaml in `d:\\society\\dataconnect`\n"}}
[debug] [2026-03-21T14:58:22.511Z] E0321 20:28:22.511747   15032 watch.go:40] Failed to load config from "d:\\society\\dataconnect": could not find dataconnect.yaml in `d:\society\dataconnect`
 {"metadata":{"emulator":{"name":"dataconnect"},"message":"E0321 20:28:22.511747   15032 watch.go:40] Failed to load config from \"d:\\\\society\\\\dataconnect\": could not find dataconnect.yaml in `d:\\society\\dataconnect`\n"}}
[debug] [2026-03-21T14:58:32.514Z] E0321 20:28:32.514420   15032 watch.go:40] Failed to load config from "d:\\society\\dataconnect": could not find dataconnect.yaml in `d:\society\dataconnect`
 {"metadata":{"emulator":{"name":"dataconnect"},"message":"E0321 20:28:32.514420   15032 watch.go:40] Failed to load config from \"d:\\\\society\\\\dataconnect\": could not find dataconnect.yaml in `d:\\society\\dataconnect`\n"}}
[debug] [2026-03-21T14:58:42.510Z] E0321 20:28:42.511138   15032 watch.go:40] Failed to load config from "d:\\society\\dataconnect": could not find dataconnect.yaml in `d:\society\dataconnect`
 {"metadata":{"emulator":{"name":"dataconnect"},"message":"E0321 20:28:42.511138   15032 watch.go:40] Failed to load config from \"d:\\\\society\\\\dataconnect\": could not find dataconnect.yaml in `d:\\society\\dataconnect`\n"}}
[debug] [2026-03-21T14:58:52.511Z] E0321 20:28:52.511367   15032 watch.go:116] watchAllDir unable to walk dir `d:\society\dataconnect`: CreateFile d:\society\dataconnect: The system cannot find the file specified.
 {"metadata":{"emulator":{"name":"dataconnect"},"message":"E0321 20:28:52.511367   15032 watch.go:116] watchAllDir unable to walk dir `d:\\society\\dataconnect`: CreateFile d:\\society\\dataconnect: The system cannot find the file specified.\n"}}
[debug] [2026-03-21T14:58:52.513Z] E0321 20:28:52.512182   15032 watch.go:40] Failed to load config from "d:\\society\\dataconnect": could not find dataconnect.yaml in `d:\society\dataconnect`
 {"metadata":{"emulator":{"name":"dataconnect"},"message":"E0321 20:28:52.512182   15032 watch.go:40] Failed to load config from \"d:\\\\society\\\\dataconnect\": could not find dataconnect.yaml in `d:\\society\\dataconnect`\n"}}
[debug] [2026-03-21T14:59:02.543Z] E0321 20:29:02.511241   15032 watch.go:40] Failed to load config from "d:\\society\\dataconnect": could not find dataconnect.yaml in `d:\society\dataconnect`
 {"metadata":{"emulator":{"name":"dataconnect"},"message":"E0321 20:29:02.511241   15032 watch.go:40] Failed to load config from \"d:\\\\society\\\\dataconnect\": could not find dataconnect.yaml in `d:\\society\\dataconnect`\n"}}
[debug] [2026-03-21T14:59:12.510Z] E0321 20:29:12.511030   15032 watch.go:40] Failed to load config from "d:\\society\\dataconnect": could not find dataconnect.yaml in `d:\society\dataconnect`
 {"metadata":{"emulator":{"name":"dataconnect"},"message":"E0321 20:29:12.511030   15032 watch.go:40] Failed to load config from \"d:\\\\society\\\\dataconnect\": could not find dataconnect.yaml in `d:\\society\\dataconnect`\n"}}
[debug] [2026-03-21T14:59:22.512Z] E0321 20:29:22.511771   15032 watch.go:40] Failed to load config from "d:\\society\\dataconnect": could not find dataconnect.yaml in `d:\society\dataconnect`
 {"metadata":{"emulator":{"name":"dataconnect"},"message":"E0321 20:29:22.511771   15032 watch.go:40] Failed to load config from \"d:\\\\society\\\\dataconnect\": could not find dataconnect.yaml in `d:\\society\\dataconnect`\n"}}
[debug] [2026-03-21T14:59:32.510Z] E0321 20:29:32.511092   15032 watch.go:40] Failed to load config from "d:\\society\\dataconnect": could not find dataconnect.yaml in `d:\society\dataconnect`
 {"metadata":{"emulator":{"name":"dataconnect"},"message":"E0321 20:29:32.511092   15032 watch.go:40] Failed to load config from \"d:\\\\society\\\\dataconnect\": could not find dataconnect.yaml in `d:\\society\\dataconnect`\n"}}
[debug] [2026-03-21T14:59:42.511Z] E0321 20:29:42.511268   15032 watch.go:40] Failed to load config from "d:\\society\\dataconnect": could not find dataconnect.yaml in `d:\society\dataconnect`
 {"metadata":{"emulator":{"name":"dataconnect"},"message":"E0321 20:29:42.511268   15032 watch.go:40] Failed to load config from \"d:\\\\society\\\\dataconnect\": could not find dataconnect.yaml in `d:\\society\\dataconnect`\n"}}
[debug] [2026-03-21T14:59:52.511Z] E0321 20:29:52.511312   15032 watch.go:116] watchAllDir unable to walk dir `d:\society\dataconnect`: CreateFile d:\society\dataconnect: The system cannot find the file specified.
 {"metadata":{"emulator":{"name":"dataconnect"},"message":"E0321 20:29:52.511312   15032 watch.go:116] watchAllDir unable to walk dir `d:\\society\\dataconnect`: CreateFile d:\\society\\dataconnect: The system cannot find the file specified.\n"}}
[debug] [2026-03-21T14:59:52.513Z] E0321 20:29:52.511312   15032 watch.go:40] Failed to load config from "d:\\society\\dataconnect": could not find dataconnect.yaml in `d:\society\dataconnect`
 {"metadata":{"emulator":{"name":"dataconnect"},"message":"E0321 20:29:52.511312   15032 watch.go:40] Failed to load config from \"d:\\\\society\\\\dataconnect\": could not find dataconnect.yaml in `d:\\society\\dataconnect`\n"}}
[debug] [2026-03-21T15:00:02.512Z] E0321 20:30:02.511584   15032 watch.go:40] Failed to load config from "d:\\society\\dataconnect": could not find dataconnect.yaml in `d:\society\dataconnect`
 {"metadata":{"emulator":{"name":"dataconnect"},"message":"E0321 20:30:02.511584   15032 watch.go:40] Failed to load config from \"d:\\\\society\\\\dataconnect\": could not find dataconnect.yaml in `d:\\society\\dataconnect`\n"}}
[debug] [2026-03-21T15:00:12.512Z] E0321 20:30:12.511479   15032 watch.go:40] Failed to load config from "d:\\society\\dataconnect": could not find dataconnect.yaml in `d:\society\dataconnect`
 {"metadata":{"emulator":{"name":"dataconnect"},"message":"E0321 20:30:12.511479   15032 watch.go:40] Failed to load config from \"d:\\\\society\\\\dataconnect\": could not find dataconnect.yaml in `d:\\society\\dataconnect`\n"}}
[debug] [2026-03-21T15:00:22.511Z] E0321 20:30:22.511372   15032 watch.go:40] Failed to load config from "d:\\society\\dataconnect": could not find dataconnect.yaml in `d:\society\dataconnect`
 {"metadata":{"emulator":{"name":"dataconnect"},"message":"E0321 20:30:22.511372   15032 watch.go:40] Failed to load config from \"d:\\\\society\\\\dataconnect\": could not find dataconnect.yaml in `d:\\society\\dataconnect`\n"}}
[debug] [2026-03-21T15:00:32.514Z] E0321 20:30:32.514704   15032 watch.go:40] Failed to load config from "d:\\society\\dataconnect": could not find dataconnect.yaml in `d:\society\dataconnect`
 {"metadata":{"emulator":{"name":"dataconnect"},"message":"E0321 20:30:32.514704   15032 watch.go:40] Failed to load config from \"d:\\\\society\\\\dataconnect\": could not find dataconnect.yaml in `d:\\society\\dataconnect`\n"}}
[debug] [2026-03-21T15:00:42.512Z] E0321 20:30:42.513150   15032 watch.go:40] Failed to load config from "d:\\society\\dataconnect": could not find dataconnect.yaml in `d:\society\dataconnect`
 {"metadata":{"emulator":{"name":"dataconnect"},"message":"E0321 20:30:42.513150   15032 watch.go:40] Failed to load config from \"d:\\\\society\\\\dataconnect\": could not find dataconnect.yaml in `d:\\society\\dataconnect`\n"}}
[debug] [2026-03-21T15:00:52.525Z] E0321 20:30:52.511398   15032 watch.go:116] watchAllDir unable to walk dir `d:\society\dataconnect`: CreateFile d:\society\dataconnect: The system cannot find the file specified.
E0321 20:30:52.511398   15032 watch.go:40] Failed to load config from "d:\\society\\dataconnect": could not find dataconnect.yaml in `d:\society\dataconnect`
 {"metadata":{"emulator":{"name":"dataconnect"},"message":"E0321 20:30:52.511398   15032 watch.go:116] watchAllDir unable to walk dir `d:\\society\\dataconnect`: CreateFile d:\\society\\dataconnect: The system cannot find the file specified.\nE0321 20:30:52.511398   15032 watch.go:40] Failed to load config from \"d:\\\\society\\\\dataconnect\": could not find dataconnect.yaml in `d:\\society\\dataconnect`\n"}}
